time="2024-09-11 22:23:15" level=info msg="start server...\r\ngo：http://0.0.0.0:8081"
time="2024-09-11 22:23:46" level=info msg="| 200 |      3.8753ms |             ::1 | GET | / |"
time="2024-09-11 22:23:47" level=info msg="| 404 |            0s |             ::1 | GET | /favicon.ico |"
time="2024-09-11 22:23:49" level=info msg="| 200 |      5.2973ms |       127.0.0.1 | GET | /chatIndex?kefu_id=kefu2&lang=en&extra={ |"
time="2024-09-11 22:23:49" level=info msg="| 200 |     19.1161ms |       127.0.0.1 | POST | /visitor_login |"
time="2024-09-11 22:23:49" level=info msg="| 200 |      4.6016ms |       127.0.0.1 | GET | /2/messagesPages?page=1&pagesize=5&visitor_id=764af72b-a355-4a6a-9e7c-2e211c586c93 |"
time="2024-09-11 22:23:50" level=info msg="| 200 |      3.0004ms |       127.0.0.1 | GET | /notice?kefu_id=kefu2 |"
time="2024-09-11 22:24:02" level=info msg="| 200 |      4.1744ms |       127.0.0.1 | GET | /chatIndex?kefu_id=kefu2 |"
time="2024-09-11 22:24:02" level=info msg="| 200 |     12.5424ms |       127.0.0.1 | POST | /visitor_login |"
time="2024-09-11 22:24:02" level=info msg="| 200 |       2.723ms |       127.0.0.1 | GET | /2/messagesPages?page=1&pagesize=5&visitor_id=e977f533-bd75-4da3-ac3f-6cdcb0ce5cbd |"
time="2024-09-11 22:24:02" level=info msg="| 200 |      2.1475ms |       127.0.0.1 | GET | /notice?kefu_id=kefu2 |"
time="2024-09-11 22:24:02" level=info msg="| 404 |            0s |       127.0.0.1 | GET | /favicon.ico |"
time="2024-09-11 22:24:07" level=info msg="| 200 |     12.4002ms |       127.0.0.1 | POST | /2/message |"
time="2024-09-11 22:24:08" level=info msg="| 200 |      6.6917ms |       127.0.0.1 | POST | /2/message |"
time="2024-09-11 22:24:09" level=info msg="| 200 |      1.7802ms |       127.0.0.1 | POST | /2/message |"
time="2024-09-11 22:24:10" level=info msg="| 200 |      1.0005ms |       127.0.0.1 | POST | /2/message |"
time="2024-09-11 22:24:10" level=info msg="| 200 |      2.8636ms |       127.0.0.1 | POST | /2/message |"
time="2024-09-11 22:24:11" level=info msg="| 200 |      7.3557ms |       127.0.0.1 | POST | /2/message |"
time="2024-09-11 22:24:12" level=info msg="| 200 |       535.1µs |       127.0.0.1 | POST | /2/message |"
time="2024-09-11 22:24:13" level=info msg="| 200 |      2.3463ms |       127.0.0.1 | POST | /2/message |"
time="2024-09-11 22:24:13" level=info msg="| 200 |      1.7392ms |       127.0.0.1 | POST | /2/message |"
time="2024-09-11 22:24:14" level=info msg="| 200 |      9.5899ms |       127.0.0.1 | POST | /2/message |"
time="2024-09-11 22:24:17" level=info msg="| 200 |      8.7601ms |       127.0.0.1 | POST | /2/message |"
time="2024-09-11 22:24:19" level=info msg="| 200 |      1.0682ms |       127.0.0.1 | POST | /2/message |"
time="2024-09-11 22:24:20" level=info msg="| 200 |      7.9737ms |       127.0.0.1 | POST | /2/message |"
time="2024-09-11 22:24:21" level=info msg="| 200 |      1.0704ms |       127.0.0.1 | POST | /2/message |"
time="2024-09-11 22:24:21" level=info msg="| 200 |      1.1053ms |       127.0.0.1 | POST | /2/message |"
time="2024-09-11 22:24:21" level=info msg="| 200 |      1.1616ms |       127.0.0.1 | POST | /2/message |"
time="2024-09-11 22:24:22" level=info msg="| 200 |      1.3775ms |       127.0.0.1 | POST | /2/message |"
time="2024-09-11 22:24:23" level=info msg="| 200 |     11.6653ms |       127.0.0.1 | POST | /2/message |"
time="2024-09-11 22:24:25" level=info msg="| 200 |   23.0221447s |       127.0.0.1 | GET | /ws_visitor?visitor_id=e977f533-bd75-4da3-ac3f-6cdcb0ce5cbd |"
time="2024-09-11 22:24:30" level=info msg="| 200 |      2.1447ms |       127.0.0.1 | GET | /chatIndex?kefu_id=kefu2 |"
time="2024-09-11 22:24:30" level=info msg="| 200 |     13.3193ms |       127.0.0.1 | POST | /visitor_login |"
time="2024-09-11 22:24:30" level=info msg="| 200 |      3.4939ms |       127.0.0.1 | GET | /2/messagesPages?page=1&pagesize=5&visitor_id=e977f533-bd75-4da3-ac3f-6cdcb0ce5cbd |"
time="2024-09-11 22:24:30" level=info msg="| 200 |       530.6µs |       127.0.0.1 | GET | /notice?kefu_id=kefu2 |"
time="2024-09-11 22:24:34" level=info msg="| 200 |     11.6527ms |       127.0.0.1 | GET | /2/messagesPages?page=2&pagesize=5&visitor_id=e977f533-bd75-4da3-ac3f-6cdcb0ce5cbd |"
time="2024-09-11 22:24:38" level=info msg="| 200 |      10.806ms |       127.0.0.1 | POST | /2/message |"
time="2024-09-11 22:24:40" level=info msg="| 200 |      2.0064ms |       127.0.0.1 | POST | /2/message |"
time="2024-09-11 22:24:41" level=info msg="| 200 |      9.1753ms |       127.0.0.1 | POST | /2/message |"
time="2024-09-11 22:24:43" level=info msg="| 200 |   12.6127979s |       127.0.0.1 | GET | /ws_visitor?visitor_id=e977f533-bd75-4da3-ac3f-6cdcb0ce5cbd |"
time="2024-09-11 22:30:45" level=info msg="| 200 |      3.4829ms |             ::1 | GET | / |"
time="2024-09-11 22:30:45" level=info msg="| 200 | 6m55.6823011s |       127.0.0.1 | GET | /ws_visitor?visitor_id=764af72b-a355-4a6a-9e7c-2e211c586c93 |"
time="2024-09-11 22:30:48" level=info msg="| 200 |      3.1818ms |       127.0.0.1 | GET | /chatIndex?kefu_id=kefu2&lang=en&extra={ |"
time="2024-09-11 22:30:48" level=info msg="| 200 |      19.052ms |       127.0.0.1 | POST | /visitor_login |"
time="2024-09-11 22:30:49" level=info msg="| 200 |      7.9106ms |       127.0.0.1 | GET | /2/messagesPages?page=1&pagesize=5&visitor_id=764af72b-a355-4a6a-9e7c-2e211c586c93 |"
time="2024-09-11 22:30:49" level=info msg="| 200 |      1.0006ms |       127.0.0.1 | GET | /notice?kefu_id=kefu2 |"
time="2024-09-11 22:35:44" level=info msg="start server...\r\ngo：http://0.0.0.0:8081"
time="2024-09-11 22:35:46" level=info msg="| 200 |      4.0933ms |       127.0.0.1 | GET | /notice?kefu_id=kefu2 |"
time="2024-09-11 22:35:49" level=info msg="| 200 |      3.6633ms |             ::1 | GET | / |"
time="2024-09-11 22:35:49" level=info msg="| 200 |    3.4861527s |       127.0.0.1 | GET | /ws_visitor?visitor_id=764af72b-a355-4a6a-9e7c-2e211c586c93 |"
time="2024-09-11 22:35:52" level=info msg="| 200 |      5.5165ms |       127.0.0.1 | GET | /chatIndex?kefu_id=kefu2&lang=en&extra={ |"
time="2024-09-11 22:35:53" level=info msg="| 200 |     11.9236ms |       127.0.0.1 | POST | /visitor_login |"
time="2024-09-11 22:35:53" level=info msg="| 200 |      4.4278ms |       127.0.0.1 | GET | /2/messagesPages?page=1&pagesize=5&visitor_id=764af72b-a355-4a6a-9e7c-2e211c586c93 |"
time="2024-09-11 22:35:53" level=info msg="| 200 |      1.0417ms |       127.0.0.1 | GET | /notice?kefu_id=kefu2 |"
time="2024-09-11 22:36:37" level=info msg="| 200 |      3.2728ms |             ::1 | GET | /login |"
time="2024-09-11 22:36:37" level=info msg="| 200 |    43.939319s |       127.0.0.1 | GET | /ws_visitor?visitor_id=764af72b-a355-4a6a-9e7c-2e211c586c93 |"
time="2024-09-11 22:38:13" level=info msg="| 200 |      3.9539ms |             ::1 | POST | /check |"
time="2024-09-11 22:38:13" level=info msg="| 200 |      2.1062ms |             ::1 | GET | /main |"
time="2024-09-11 22:38:13" level=info msg="| 200 |      1.9024ms |             ::1 | POST | /check_auth |"
time="2024-09-11 22:38:13" level=info msg="| 200 |      5.5348ms |             ::1 | GET | /chat_main |"
time="2024-09-11 22:38:15" level=info msg="| 200 |      5.9916ms |             ::1 | GET | /pannel |"
time="2024-09-11 22:38:15" level=info msg="| 200 |      1.9565ms |             ::1 | GET | /kefu/chartStatistics |"
time="2024-09-11 22:38:16" level=info msg="| 200 |       4.892ms |             ::1 | GET | /chat_main |"
time="2024-09-11 22:38:20" level=info msg="| 200 |      3.8395ms |             ::1 | GET | /setting |"
time="2024-09-11 22:38:20" level=info msg="| 200 |      2.1147ms |             ::1 | GET | /setting_statistics |"
time="2024-09-11 22:38:20" level=info msg="| 200 |      3.0507ms |             ::1 | GET | /statistics |"
time="2024-09-11 22:38:37" level=info msg="| 200 |      5.6352ms |             ::1 | GET | /main |"
time="2024-09-11 22:38:37" level=info msg="| 200 |      1.6349ms |             ::1 | POST | /check_auth |"
time="2024-09-11 22:38:37" level=info msg="| 200 |      3.2134ms |             ::1 | GET | /chat_main |"
time="2024-09-11 22:38:37" level=info msg="| 200 |       518.7µs |             ::1 | GET | /visitors_kefu_online |"
time="2024-09-11 22:38:37" level=info msg="| 200 |      3.1668ms |             ::1 | GET | /kefuinfo |"
time="2024-09-11 22:38:37" level=info msg="| 200 |      2.1176ms |             ::1 | GET | /ipblacks |"
time="2024-09-11 22:38:37" level=info msg="| 200 |      9.1939ms |             ::1 | GET | /replys |"
time="2024-09-11 22:38:40" level=info msg="| 200 |      2.6802ms |             ::1 | GET | /visitors?page=1 |"
time="2024-09-11 22:38:40" level=info msg="| 200 |            0s |             ::1 | GET | /visitors_kefu_online |"
time="2024-09-11 22:40:11" level=info msg="| 200 |      3.2353ms |             ::1 | GET | /setting |"
time="2024-09-11 22:40:11" level=info msg="| 200 |  1m33.744931s |             ::1 | GET | /ws_kefu?token=eyJhbGciOiJIUzI1NiIsInR5cCI6IkpXVCJ9.eyJjcmVhdGVfdGltZSI6MTcyNjA2NTQ5Mywia2VmdV9pZCI6MSwibmFtZSI6ImtlZnUyIiwicm9sZV9pZCI6MSwidHlwZSI6ImtlZnUifQ.XHE0S6FPYYi8dMTldbKKL3QHhJb-iQAYw27nlKJo-1o |"
time="2024-09-11 22:40:11" level=info msg="| 200 |      2.6652ms |             ::1 | GET | /setting_statistics |"
time="2024-09-11 22:40:11" level=info msg="| 200 |      2.9994ms |             ::1 | GET | /statistics |"
time="2024-09-11 22:40:12" level=info msg="| 200 |      5.1338ms |             ::1 | GET | /login |"
time="2024-09-11 22:40:13" level=info msg="| 200 |      2.1594ms |             ::1 | GET | /login |"
time="2024-09-11 22:40:19" level=info msg="| 200 |      3.7248ms |             ::1 | GET | /login |"
time="2024-09-11 22:40:21" level=info msg="| 200 |      3.9392ms |             ::1 | POST | /check |"
time="2024-09-11 22:40:21" level=info msg="| 200 |      2.1499ms |             ::1 | GET | /main |"
time="2024-09-11 22:40:21" level=info msg="| 200 |      1.7381ms |             ::1 | POST | /check_auth |"
time="2024-09-11 22:40:21" level=info msg="| 200 |      4.2888ms |             ::1 | GET | /chat_main |"
time="2024-09-11 22:40:21" level=info msg="| 200 |            0s |             ::1 | GET | /visitors_kefu_online |"
time="2024-09-11 22:40:21" level=info msg="| 200 |      3.2616ms |             ::1 | GET | /kefuinfo |"
time="2024-09-11 22:40:21" level=info msg="| 200 |      3.6038ms |             ::1 | GET | /replys |"
time="2024-09-11 22:40:21" level=info msg="| 200 |      5.8264ms |             ::1 | GET | /ipblacks |"
time="2024-09-11 22:40:22" level=info msg="| 200 |      6.2062ms |             ::1 | GET | /setting |"
time="2024-09-11 22:40:22" level=info msg="| 200 |    823.9937ms |             ::1 | GET | /ws_kefu?token=eyJhbGciOiJIUzI1NiIsInR5cCI6IkpXVCJ9.eyJjcmVhdGVfdGltZSI6MTcyNjA2NTYyMSwia2VmdV9pZCI6MSwibmFtZSI6ImtlZnUyIiwicm9sZV9pZCI6MSwidHlwZSI6ImtlZnUifQ.z7g5gr4DCIFf78JW6eUGe_tCM22AwDIM929E4d8W-W0 |"
time="2024-09-11 22:40:22" level=info msg="| 200 |        2.71ms |             ::1 | GET | /setting_statistics |"
time="2024-09-11 22:40:22" level=info msg="| 200 |      1.5788ms |             ::1 | GET | /statistics |"
time="2024-09-11 22:40:23" level=info msg="| 200 |      2.7068ms |             ::1 | GET | /setting_modifypass |"
time="2024-09-11 22:40:23" level=info msg="| 200 |      2.1888ms |             ::1 | GET | /setting_avator |"
time="2024-09-11 22:40:23" level=info msg="| 200 |      2.1048ms |             ::1 | GET | /kefuinfo |"
time="2024-09-11 22:40:24" level=info msg="| 200 |      2.8844ms |             ::1 | GET | /setting_statistics |"
time="2024-09-11 22:40:24" level=info msg="| 200 |      2.1399ms |             ::1 | GET | /statistics |"
time="2024-09-11 22:40:24" level=info msg="| 200 |      3.4015ms |             ::1 | GET | /setting_modifypass |"
time="2024-09-11 22:40:25" level=info msg="| 200 |      2.0787ms |             ::1 | GET | /setting_avator |"
time="2024-09-11 22:40:25" level=info msg="| 200 |      2.1658ms |             ::1 | GET | /kefuinfo |"
time="2024-09-11 22:40:26" level=info msg="| 200 |      3.1459ms |             ::1 | GET | /setting_config |"
time="2024-09-11 22:40:26" level=info msg="| 200 |      2.3033ms |             ::1 | GET | /configs |"
time="2024-09-11 22:40:27" level=info msg="| 200 |      2.7499ms |             ::1 | GET | /setting_ipblack |"
time="2024-09-11 22:40:27" level=info msg="| 200 |      1.8163ms |             ::1 | GET | /ipblacks_all |"
time="2024-09-11 22:40:27" level=info msg="| 200 |      2.4064ms |             ::1 | GET | /setting_deploy |"
time="2024-09-11 22:40:28" level=info msg="| 200 |      2.5169ms |             ::1 | GET | /setting_ipblack |"
time="2024-09-11 22:40:28" level=info msg="| 200 |      1.6356ms |             ::1 | GET | /ipblacks_all |"
time="2024-09-11 22:40:28" level=info msg="| 200 |      3.7808ms |             ::1 | GET | /setting_config |"
time="2024-09-11 22:40:28" level=info msg="| 200 |      1.6727ms |             ::1 | GET | /configs |"
time="2024-09-11 22:40:45" level=info msg="| 200 |       2.794ms |             ::1 | GET | /setting_statistics |"
time="2024-09-11 22:40:45" level=info msg="| 200 |      2.1963ms |             ::1 | GET | /statistics |"
time="2024-09-11 22:40:46" level=info msg="| 200 |      2.6609ms |             ::1 | GET | /setting_modifypass |"
time="2024-09-11 22:40:46" level=info msg="| 200 |      2.2861ms |             ::1 | GET | /setting_avator |"
time="2024-09-11 22:40:46" level=info msg="| 200 |       3.059ms |             ::1 | GET | /kefuinfo |"
time="2024-09-11 22:40:47" level=info msg="| 200 |      3.1053ms |             ::1 | GET | /pannel |"
time="2024-09-11 22:40:47" level=info msg="| 200 |       1.935ms |             ::1 | GET | /kefu/chartStatistics |"
time="2024-09-11 22:40:48" level=info msg="| 200 |      4.3091ms |             ::1 | GET | /chat_main |"
time="2024-09-11 22:40:48" level=info msg="| 200 |            0s |             ::1 | GET | /visitors_kefu_online |"
time="2024-09-11 22:40:48" level=info msg="| 200 |      2.7078ms |             ::1 | GET | /kefuinfo |"
time="2024-09-11 22:40:48" level=info msg="| 200 |       4.435ms |             ::1 | GET | /ipblacks |"
time="2024-09-11 22:40:48" level=info msg="| 200 |        7.21ms |             ::1 | GET | /replys |"
time="2024-09-11 22:40:48" level=info msg="| 200 |      3.4464ms |             ::1 | GET | /pannel |"
time="2024-09-11 22:40:48" level=info msg="| 200 |    522.1917ms |             ::1 | GET | /ws_kefu?token=eyJhbGciOiJIUzI1NiIsInR5cCI6IkpXVCJ9.eyJjcmVhdGVfdGltZSI6MTcyNjA2NTYyMSwia2VmdV9pZCI6MSwibmFtZSI6ImtlZnUyIiwicm9sZV9pZCI6MSwidHlwZSI6ImtlZnUifQ.z7g5gr4DCIFf78JW6eUGe_tCM22AwDIM929E4d8W-W0 |"
time="2024-09-11 22:40:48" level=info msg="| 200 |      1.1679ms |             ::1 | GET | /kefu/chartStatistics |"
time="2024-09-11 22:40:57" level=info msg="| 200 |       3.441ms |             ::1 | GET | /chat_main |"
time="2024-09-11 22:40:57" level=info msg="| 200 |            0s |             ::1 | GET | /visitors_kefu_online |"
time="2024-09-11 22:40:57" level=info msg="| 200 |      1.6118ms |             ::1 | GET | /ipblacks |"
time="2024-09-11 22:40:57" level=info msg="| 200 |      3.7286ms |             ::1 | GET | /kefuinfo |"
time="2024-09-11 22:40:57" level=info msg="| 200 |      3.7325ms |             ::1 | GET | /replys |"
time="2024-09-11 22:40:59" level=info msg="| 200 |      2.7815ms |             ::1 | GET | /visitors?page=1 |"
time="2024-09-11 22:41:01" level=info msg="| 200 |       240.7µs |             ::1 | GET | /visitors_kefu_online |"
time="2024-09-11 22:41:02" level=info msg="| 200 |      4.0609ms |             ::1 | GET | /pannel |"
time="2024-09-11 22:41:02" level=info msg="| 200 |    4.4036502s |             ::1 | GET | /ws_kefu?token=eyJhbGciOiJIUzI1NiIsInR5cCI6IkpXVCJ9.eyJjcmVhdGVfdGltZSI6MTcyNjA2NTYyMSwia2VmdV9pZCI6MSwibmFtZSI6ImtlZnUyIiwicm9sZV9pZCI6MSwidHlwZSI6ImtlZnUifQ.z7g5gr4DCIFf78JW6eUGe_tCM22AwDIM929E4d8W-W0 |"
time="2024-09-11 22:41:02" level=info msg="| 200 |      1.1295ms |             ::1 | GET | /kefu/chartStatistics |"
time="2024-09-11 22:42:51" level=info msg="| 200 |     15.8197ms |             ::1 | GET | /chat_main |"
time="2024-09-11 22:42:51" level=info msg="| 200 |            0s |             ::1 | GET | /visitors_kefu_online |"
time="2024-09-11 22:42:51" level=info msg="| 200 |      2.7536ms |             ::1 | GET | /kefuinfo |"
time="2024-09-11 22:42:51" level=info msg="| 200 |      4.2862ms |             ::1 | GET | /ipblacks |"
time="2024-09-11 22:42:51" level=info msg="| 200 |      6.9311ms |             ::1 | GET | /replys |"
time="2024-09-11 22:42:52" level=info msg="| 200 |      3.7451ms |             ::1 | GET | /setting |"
time="2024-09-11 22:42:52" level=info msg="| 200 |    912.8444ms |             ::1 | GET | /ws_kefu?token=eyJhbGciOiJIUzI1NiIsInR5cCI6IkpXVCJ9.eyJjcmVhdGVfdGltZSI6MTcyNjA2NTYyMSwia2VmdV9pZCI6MSwibmFtZSI6ImtlZnUyIiwicm9sZV9pZCI6MSwidHlwZSI6ImtlZnUifQ.z7g5gr4DCIFf78JW6eUGe_tCM22AwDIM929E4d8W-W0 |"
time="2024-09-11 22:42:52" level=info msg="| 200 |       3.234ms |             ::1 | GET | /setting_statistics |"
time="2024-09-11 22:42:52" level=info msg="| 200 |      2.7219ms |             ::1 | GET | /statistics |"
time="2024-09-11 22:42:55" level=info msg="| 200 |      2.1832ms |             ::1 | GET | /setting_modifypass |"
time="2024-09-11 22:42:56" level=info msg="| 200 |      2.9046ms |             ::1 | GET | /setting_avator |"
time="2024-09-11 22:42:56" level=info msg="| 200 |      2.0722ms |             ::1 | GET | /kefuinfo |"
time="2024-09-11 22:43:00" level=info msg="| 200 |      3.2178ms |             ::1 | POST | /uploadimg |"
time="2024-09-11 22:43:06" level=info msg="| 200 |     10.3045ms |             ::1 | POST | /kefuinfo |"
time="2024-09-11 22:43:08" level=info msg="| 200 |      3.7903ms |             ::1 | GET | /main |"
time="2024-09-11 22:43:08" level=info msg="| 200 |      1.7376ms |             ::1 | POST | /check_auth |"
time="2024-09-11 22:43:08" level=info msg="| 200 |      4.4167ms |             ::1 | GET | /chat_main |"
time="2024-09-11 22:43:08" level=info msg="| 200 |            0s |             ::1 | GET | /visitors_kefu_online |"
time="2024-09-11 22:43:08" level=info msg="| 200 |      3.3448ms |             ::1 | GET | /kefuinfo |"
time="2024-09-11 22:43:08" level=info msg="| 200 |       2.643ms |             ::1 | GET | /ipblacks |"
time="2024-09-11 22:43:08" level=info msg="| 200 |      3.7057ms |             ::1 | GET | /replys |"
time="2024-09-11 22:43:10" level=info msg="| 200 |      2.6624ms |             ::1 | GET | /pannel |"
time="2024-09-11 22:43:10" level=info msg="| 200 |    1.3796351s |             ::1 | GET | /ws_kefu?token=eyJhbGciOiJIUzI1NiIsInR5cCI6IkpXVCJ9.eyJjcmVhdGVfdGltZSI6MTcyNjA2NTYyMSwia2VmdV9pZCI6MSwibmFtZSI6ImtlZnUyIiwicm9sZV9pZCI6MSwidHlwZSI6ImtlZnUifQ.z7g5gr4DCIFf78JW6eUGe_tCM22AwDIM929E4d8W-W0 |"
time="2024-09-11 22:43:10" level=info msg="| 200 |      3.3467ms |             ::1 | GET | /kefu/chartStatistics |"
time="2024-09-11 22:43:10" level=info msg="| 200 |      2.6801ms |             ::1 | GET | /setting |"
time="2024-09-11 22:43:10" level=info msg="| 200 |      3.2451ms |             ::1 | GET | /setting_statistics |"
time="2024-09-11 22:43:10" level=info msg="| 200 |      1.5878ms |             ::1 | GET | /statistics |"
time="2024-09-11 22:43:13" level=info msg="| 200 |      2.0815ms |             ::1 | GET | /setting_config |"
time="2024-09-11 22:43:13" level=info msg="| 200 |      2.3284ms |             ::1 | GET | /configs |"
time="2024-09-11 22:43:13" level=info msg="| 200 |      2.6195ms |             ::1 | GET | /setting_ipblack |"
time="2024-09-11 22:43:13" level=info msg="| 200 |      2.1726ms |             ::1 | GET | /ipblacks_all |"
time="2024-09-11 22:43:14" level=info msg="| 200 |      3.7841ms |             ::1 | GET | /setting_deploy |"
time="2024-09-11 22:43:15" level=info msg="| 200 |      2.7448ms |             ::1 | GET | /setting_modifypass |"
time="2024-09-11 22:43:16" level=info msg="| 200 |      3.3272ms |             ::1 | GET | /setting_statistics |"
time="2024-09-11 22:43:16" level=info msg="| 200 |      3.2693ms |             ::1 | GET | /statistics |"
time="2024-09-11 22:43:16" level=info msg="| 200 |      4.5918ms |             ::1 | GET | /setting_modifypass |"
time="2024-09-11 22:43:17" level=info msg="| 200 |      2.3244ms |             ::1 | GET | /setting_avator |"
time="2024-09-11 22:43:17" level=info msg="| 200 |        2.73ms |             ::1 | GET | /kefuinfo |"
time="2024-09-11 22:43:19" level=info msg="| 200 |      9.1897ms |             ::1 | POST | /uploadimg |"
time="2024-09-11 22:43:20" level=info msg="| 200 |     12.2898ms |             ::1 | POST | /kefuinfo |"
time="2024-09-11 22:43:23" level=info msg="| 200 |      2.1393ms |             ::1 | POST | /uploadimg |"
time="2024-09-11 22:43:23" level=info msg="| 200 |      10.638ms |             ::1 | POST | /kefuinfo |"
time="2024-09-11 22:43:26" level=info msg="| 200 |      1.6585ms |             ::1 | POST | /uploadimg |"
time="2024-09-11 22:43:27" level=info msg="| 200 |     10.9909ms |             ::1 | POST | /kefuinfo |"
time="2024-09-11 22:43:28" level=info msg="| 200 |      3.6658ms |             ::1 | GET | /chat_main |"
time="2024-09-11 22:43:29" level=info msg="| 200 |            0s |             ::1 | GET | /visitors_kefu_online |"
time="2024-09-11 22:43:29" level=info msg="| 200 |      1.0543ms |             ::1 | GET | /ipblacks |"
time="2024-09-11 22:43:29" level=info msg="| 200 |      4.2499ms |             ::1 | GET | /kefuinfo |"
time="2024-09-11 22:43:29" level=info msg="| 200 |      4.7676ms |             ::1 | GET | /replys |"
time="2024-09-11 22:43:30" level=info msg="| 200 |      2.6447ms |             ::1 | GET | /setting |"
time="2024-09-11 22:43:30" level=info msg="| 200 |    1.0274995s |             ::1 | GET | /ws_kefu?token=eyJhbGciOiJIUzI1NiIsInR5cCI6IkpXVCJ9.eyJjcmVhdGVfdGltZSI6MTcyNjA2NTYyMSwia2VmdV9pZCI6MSwibmFtZSI6ImtlZnUyIiwicm9sZV9pZCI6MSwidHlwZSI6ImtlZnUifQ.z7g5gr4DCIFf78JW6eUGe_tCM22AwDIM929E4d8W-W0 |"
time="2024-09-11 22:43:30" level=info msg="| 200 |      2.6524ms |             ::1 | GET | /setting_statistics |"
time="2024-09-11 22:43:30" level=info msg="| 200 |      3.8274ms |             ::1 | GET | /statistics |"
time="2024-09-11 22:43:31" level=info msg="| 200 |      3.2128ms |             ::1 | GET | /setting_avator |"
time="2024-09-11 22:43:31" level=info msg="| 200 |      2.9151ms |             ::1 | GET | /kefuinfo |"
time="2024-09-11 22:43:40" level=info msg="| 200 |      2.8987ms |             ::1 | GET | /pannel |"
time="2024-09-11 22:43:40" level=info msg="| 200 |      1.2432ms |             ::1 | GET | /kefu/chartStatistics |"
time="2024-09-11 22:43:41" level=info msg="| 200 |      4.3208ms |             ::1 | GET | /chat_main |"
time="2024-09-11 22:43:41" level=info msg="| 200 |         516µs |             ::1 | GET | /visitors_kefu_online |"
time="2024-09-11 22:43:41" level=info msg="| 200 |      1.5834ms |             ::1 | GET | /ipblacks |"
time="2024-09-11 22:43:41" level=info msg="| 200 |      3.7255ms |             ::1 | GET | /kefuinfo |"
time="2024-09-11 22:43:41" level=info msg="| 200 |      3.7096ms |             ::1 | GET | /replys |"
time="2024-09-11 22:43:42" level=info msg="| 200 |      3.3249ms |             ::1 | GET | /visitors?page=1 |"
time="2024-09-11 22:43:43" level=info msg="| 200 |            0s |             ::1 | GET | /visitors_kefu_online |"
time="2024-09-11 22:43:57" level=info msg="| 200 |      3.7884ms |             ::1 | GET | /pannel |"
time="2024-09-11 22:43:57" level=info msg="| 200 |   16.0280413s |             ::1 | GET | /ws_kefu?token=eyJhbGciOiJIUzI1NiIsInR5cCI6IkpXVCJ9.eyJjcmVhdGVfdGltZSI6MTcyNjA2NTYyMSwia2VmdV9pZCI6MSwibmFtZSI6ImtlZnUyIiwicm9sZV9pZCI6MSwidHlwZSI6ImtlZnUifQ.z7g5gr4DCIFf78JW6eUGe_tCM22AwDIM929E4d8W-W0 |"
time="2024-09-11 22:43:57" level=info msg="| 200 |      5.3723ms |             ::1 | GET | /kefu/chartStatistics |"
time="2024-09-11 22:43:57" level=info msg="| 200 |      2.9986ms |             ::1 | GET | /setting |"
time="2024-09-11 22:43:58" level=info msg="| 200 |       3.777ms |             ::1 | GET | /setting_statistics |"
time="2024-09-11 22:43:58" level=info msg="| 200 |       2.653ms |             ::1 | GET | /statistics |"
time="2024-09-11 22:44:15" level=info msg="| 200 |      2.1441ms |             ::1 | GET | /login |"
time="2024-09-11 22:44:15" level=info msg="| 200 |      6.8412ms |             ::1 | GET | /login |"
time="2024-09-11 22:46:02" level=info msg="| 200 |     12.2715ms |             ::1 | POST | /check |"
time="2024-09-11 22:46:02" level=info msg="| 200 |      2.7177ms |             ::1 | GET | /main |"
time="2024-09-11 22:46:02" level=info msg="| 200 |      1.6766ms |             ::1 | POST | /check_auth |"
time="2024-09-11 22:46:02" level=info msg="| 200 |      4.3185ms |             ::1 | GET | /chat_main |"
time="2024-09-11 22:46:02" level=info msg="| 200 |            0s |             ::1 | GET | /visitors_kefu_online |"
time="2024-09-11 22:46:02" level=info msg="| 200 |      4.4637ms |             ::1 | GET | /replys |"
time="2024-09-11 22:46:02" level=info msg="| 200 |      5.5422ms |             ::1 | GET | /ipblacks |"
time="2024-09-11 22:46:02" level=info msg="| 200 |       8.191ms |             ::1 | GET | /kefuinfo |"
time="2024-09-11 22:46:03" level=info msg="| 200 |    806.8779ms |             ::1 | GET | /ws_kefu?token=eyJhbGciOiJIUzI1NiIsInR5cCI6IkpXVCJ9.eyJjcmVhdGVfdGltZSI6MTcyNjA2NTk2Miwia2VmdV9pZCI6MSwibmFtZSI6ImtlZnUyIiwicm9sZV9pZCI6MSwidHlwZSI6ImtlZnUifQ.y0-P3FZbfUylZ6vbCLXSysrMLxdRZsOyNvg5QdM7omA |"
time="2024-09-11 22:46:06" level=info msg="| 200 |      3.9975ms |             ::1 | POST | /check |"
time="2024-09-11 22:46:06" level=info msg="| 200 |      3.3455ms |             ::1 | GET | /main |"
time="2024-09-11 22:46:06" level=info msg="| 200 |      1.0773ms |             ::1 | POST | /check_auth |"
time="2024-09-11 22:46:06" level=info msg="| 200 |      4.2755ms |             ::1 | GET | /chat_main |"
time="2024-09-11 22:46:06" level=info msg="| 200 |      3.2876ms |             ::1 | GET | /kefuinfo |"
time="2024-09-11 22:46:06" level=info msg="| 200 |            0s |             ::1 | GET | /visitors_kefu_online |"
time="2024-09-11 22:46:06" level=info msg="| 200 |      1.1001ms |             ::1 | GET | /ipblacks |"
time="2024-09-11 22:46:06" level=info msg="| 200 |      3.7819ms |             ::1 | GET | /replys |"
time="2024-09-11 22:46:16" level=info msg="| 200 |      2.8266ms |             ::1 | GET | /main |"
time="2024-09-11 22:46:16" level=info msg="| 200 |      1.7736ms |             ::1 | POST | /check_auth |"
time="2024-09-11 22:46:16" level=info msg="| 200 |       4.293ms |             ::1 | GET | /chat_main |"
time="2024-09-11 22:46:16" level=info msg="| 200 |            0s |             ::1 | GET | /visitors_kefu_online |"
time="2024-09-11 22:46:16" level=info msg="| 200 |      3.2313ms |             ::1 | GET | /ipblacks |"
time="2024-09-11 22:46:16" level=info msg="| 200 |      5.3767ms |             ::1 | GET | /kefuinfo |"
time="2024-09-11 22:46:16" level=info msg="| 200 |      5.9043ms |             ::1 | GET | /replys |"
time="2024-09-11 22:46:17" level=info msg="| 200 |   10.8284368s |             ::1 | GET | /ws_kefu?token=eyJhbGciOiJIUzI1NiIsInR5cCI6IkpXVCJ9.eyJjcmVhdGVfdGltZSI6MTcyNjA2NTk2Niwia2VmdV9pZCI6MSwibmFtZSI6ImtlZnUyIiwicm9sZV9pZCI6MSwidHlwZSI6ImtlZnUifQ.i95JtPkZqsQlH_Z-U8a_QOjM4gLhtvvinTgkg4KxS8I |"
time="2024-09-11 22:46:18" level=info msg="| 200 |      3.1139ms |             ::1 | GET | /login |"
time="2024-09-11 22:46:18" level=info msg="| 200 |      3.2258ms |             ::1 | GET | /login |"
time="2024-09-11 22:46:22" level=info msg="| 200 |      2.8316ms |             ::1 | GET | /pannel |"
time="2024-09-11 22:46:22" level=info msg="| 200 |    5.4117136s |             ::1 | GET | /ws_kefu?token=eyJhbGciOiJIUzI1NiIsInR5cCI6IkpXVCJ9.eyJjcmVhdGVfdGltZSI6MTcyNjA2NTk2Niwia2VmdV9pZCI6MSwibmFtZSI6ImtlZnUyIiwicm9sZV9pZCI6MSwidHlwZSI6ImtlZnUifQ.i95JtPkZqsQlH_Z-U8a_QOjM4gLhtvvinTgkg4KxS8I |"
time="2024-09-11 22:46:22" level=info msg="| 200 |            0s |             ::1 | GET | /kefu/chartStatistics |"
time="2024-09-11 22:46:23" level=info msg="| 200 |      2.7625ms |             ::1 | GET | /main |"
time="2024-09-11 22:46:23" level=info msg="| 200 |            0s |             ::1 | POST | /check_auth |"
time="2024-09-11 22:46:23" level=info msg="| 200 |      3.7271ms |             ::1 | GET | /chat_main |"
time="2024-09-11 22:46:23" level=info msg="| 200 |      2.0882ms |             ::1 | GET | /login |"
time="2024-09-11 22:46:25" level=info msg="| 200 |      2.1124ms |             ::1 | POST | /check |"
time="2024-09-11 22:46:25" level=info msg="| 200 |      2.7071ms |             ::1 | GET | /main |"
time="2024-09-11 22:46:25" level=info msg="| 200 |      1.6033ms |             ::1 | POST | /check_auth |"
time="2024-09-11 22:46:25" level=info msg="| 200 |      3.1209ms |             ::1 | GET | /chat_main |"
time="2024-09-11 22:46:25" level=info msg="| 200 |       584.6µs |             ::1 | GET | /visitors_kefu_online |"
time="2024-09-11 22:46:25" level=info msg="| 200 |      1.5767ms |             ::1 | GET | /ipblacks |"
time="2024-09-11 22:46:25" level=info msg="| 200 |      4.2681ms |             ::1 | GET | /kefuinfo |"
time="2024-09-11 22:46:25" level=info msg="| 200 |      4.2108ms |             ::1 | GET | /replys |"
time="2024-09-11 22:46:26" level=info msg="| 200 |      4.4916ms |             ::1 | GET | /setting |"
time="2024-09-11 22:46:26" level=info msg="| 200 |    697.7025ms |             ::1 | GET | /ws_kefu?token=eyJhbGciOiJIUzI1NiIsInR5cCI6IkpXVCJ9.eyJjcmVhdGVfdGltZSI6MTcyNjA2NTk4NSwia2VmdV9pZCI6MSwibmFtZSI6ImtlZnUyIiwicm9sZV9pZCI6MSwidHlwZSI6ImtlZnUifQ.n89kTWQ-DFLj56_qQSH1MEN4G65SmG5aniHsWCTnfkA |"
time="2024-09-11 22:46:26" level=info msg="| 200 |      2.6786ms |             ::1 | GET | /setting_statistics |"
time="2024-09-11 22:46:26" level=info msg="| 200 |      2.3186ms |             ::1 | GET | /statistics |"
time="2024-09-11 22:46:27" level=info msg="| 200 |      3.5057ms |             ::1 | GET | /setting_modifypass |"
time="2024-09-11 22:46:27" level=info msg="| 200 |      2.7786ms |             ::1 | GET | /setting_avator |"
time="2024-09-11 22:46:27" level=info msg="| 200 |      2.1219ms |             ::1 | GET | /kefuinfo |"
time="2024-09-11 22:46:28" level=info msg="| 200 |      3.7568ms |             ::1 | GET | /setting_modifypass |"
time="2024-09-11 22:46:35" level=info msg="| 200 |      7.7997ms |             ::1 | POST | /modifypass |"
time="2024-09-11 22:46:39" level=info msg="| 200 |      4.8474ms |             ::1 | POST | /modifypass |"
time="2024-09-11 22:46:41" level=info msg="| 200 |      6.8732ms |             ::1 | POST | /modifypass |"
time="2024-09-11 22:46:44" level=info msg="| 200 |      3.2984ms |             ::1 | GET | /login |"
time="2024-09-11 22:46:45" level=info msg="| 200 |      2.7789ms |             ::1 | GET | /login |"
time="2024-09-11 22:46:46" level=info msg="| 200 |      2.0895ms |             ::1 | POST | /check |"
time="2024-09-11 22:46:48" level=info msg="| 200 |      4.9337ms |             ::1 | POST | /check |"
time="2024-09-11 22:46:48" level=info msg="| 200 |      4.0149ms |             ::1 | GET | /main |"
time="2024-09-11 22:46:48" level=info msg="| 200 |      1.1188ms |             ::1 | POST | /check_auth |"
time="2024-09-11 22:46:48" level=info msg="| 200 |      3.3148ms |             ::1 | GET | /chat_main |"
time="2024-09-11 22:46:48" level=info msg="| 200 |            0s |             ::1 | GET | /visitors_kefu_online |"
time="2024-09-11 22:46:48" level=info msg="| 200 |       2.729ms |             ::1 | GET | /kefuinfo |"
time="2024-09-11 22:46:48" level=info msg="| 200 |      2.1089ms |             ::1 | GET | /ipblacks |"
time="2024-09-11 22:46:48" level=info msg="| 200 |      7.6679ms |             ::1 | GET | /replys |"
time="2024-09-11 22:46:49" level=info msg="| 200 |      4.8374ms |             ::1 | GET | /setting |"
time="2024-09-11 22:46:49" level=info msg="| 200 |    1.5112443s |             ::1 | GET | /ws_kefu?token=eyJhbGciOiJIUzI1NiIsInR5cCI6IkpXVCJ9.eyJjcmVhdGVfdGltZSI6MTcyNjA2NjAwOCwia2VmdV9pZCI6MSwibmFtZSI6ImtlZnUyIiwicm9sZV9pZCI6MSwidHlwZSI6ImtlZnUifQ.UJQ3voz8VsiulddNHWmsci2sUPqqu9wQ3lCf5FdCmPI |"
time="2024-09-11 22:46:49" level=info msg="| 200 |      3.2228ms |             ::1 | GET | /setting_statistics |"
time="2024-09-11 22:46:49" level=info msg="| 200 |      3.1872ms |             ::1 | GET | /statistics |"
time="2024-09-11 22:46:50" level=info msg="| 200 |     13.0546ms |             ::1 | GET | /setting_modifypass |"
time="2024-09-11 22:46:53" level=info msg="| 200 |      7.0334ms |             ::1 | POST | /modifypass |"
time="2024-09-11 22:46:55" level=info msg="| 200 |      2.7293ms |             ::1 | GET | /setting_avator |"
time="2024-09-11 22:46:55" level=info msg="| 200 |      3.4586ms |             ::1 | GET | /kefuinfo |"
time="2024-09-11 22:46:56" level=info msg="| 200 |      4.6586ms |             ::1 | GET | /setting_modifypass |"
time="2024-09-11 22:46:58" level=info msg="| 200 |      2.3029ms |             ::1 | GET | /setting_statistics |"
time="2024-09-11 22:46:58" level=info msg="| 200 |      1.7076ms |             ::1 | GET | /statistics |"
time="2024-09-11 22:47:06" level=info msg="| 200 |      4.0264ms |             ::1 | GET | /setting_deploy |"
time="2024-09-11 22:47:10" level=info msg="| 200 |       2.777ms |             ::1 | GET | /setting_ipblack |"
time="2024-09-11 22:47:10" level=info msg="| 200 |      2.4518ms |             ::1 | GET | /ipblacks_all |"
time="2024-09-11 22:47:11" level=info msg="| 200 |      4.2167ms |             ::1 | GET | /setting_config |"
time="2024-09-11 22:47:11" level=info msg="| 200 |      3.2016ms |             ::1 | GET | /configs |"
time="2024-09-11 22:48:14" level=info msg="| 200 |      3.3734ms |             ::1 | GET | /setting_ipblack |"
time="2024-09-11 22:48:14" level=info msg="| 200 |      5.5891ms |             ::1 | GET | /ipblacks_all |"
time="2024-09-11 22:48:15" level=info msg="| 200 |      3.8812ms |             ::1 | GET | /setting_statistics |"
time="2024-09-11 22:48:15" level=info msg="| 200 |      2.1758ms |             ::1 | GET | /statistics |"
time="2024-09-11 22:48:16" level=info msg="| 200 |      3.3994ms |             ::1 | GET | /setting_modifypass |"
time="2024-09-11 22:48:16" level=info msg="| 200 |      2.4333ms |             ::1 | GET | /setting_avator |"
time="2024-09-11 22:48:16" level=info msg="| 200 |      2.0811ms |             ::1 | GET | /kefuinfo |"
time="2024-09-11 22:48:16" level=info msg="| 200 |      6.0026ms |             ::1 | GET | /setting_modifypass |"
time="2024-09-11 22:48:17" level=info msg="| 200 |       3.367ms |             ::1 | GET | /setting_statistics |"
time="2024-09-11 22:48:17" level=info msg="| 200 |      1.6539ms |             ::1 | GET | /statistics |"
time="2024-09-11 22:48:18" level=info msg="| 200 |      2.1552ms |             ::1 | GET | /setting_avator |"
time="2024-09-11 22:48:18" level=info msg="| 200 |      3.1456ms |             ::1 | GET | /kefuinfo |"
time="2024-09-11 22:48:19" level=info msg="| 200 |     12.1745ms |             ::1 | GET | /chat_main |"
time="2024-09-11 22:48:19" level=info msg="| 200 |      2.5427ms |             ::1 | GET | /kefuinfo |"
time="2024-09-11 22:48:19" level=info msg="| 200 |            0s |             ::1 | GET | /visitors_kefu_online |"
time="2024-09-11 22:48:19" level=info msg="| 200 |       2.635ms |             ::1 | GET | /replys |"
time="2024-09-11 22:48:19" level=info msg="| 200 |      3.8736ms |             ::1 | GET | /ipblacks |"
time="2024-09-11 22:48:20" level=info msg="| 200 |      4.5956ms |             ::1 | GET | /visitors?page=1 |"
time="2024-09-11 22:48:21" level=info msg="| 200 |      2.7436ms |             ::1 | GET | /pannel |"
time="2024-09-11 22:48:21" level=info msg="| 200 |    2.1636479s |             ::1 | GET | /ws_kefu?token=eyJhbGciOiJIUzI1NiIsInR5cCI6IkpXVCJ9.eyJjcmVhdGVfdGltZSI6MTcyNjA2NjAwOCwia2VmdV9pZCI6MSwibmFtZSI6ImtlZnUyIiwicm9sZV9pZCI6MSwidHlwZSI6ImtlZnUifQ.UJQ3voz8VsiulddNHWmsci2sUPqqu9wQ3lCf5FdCmPI |"
time="2024-09-11 22:48:22" level=info msg="| 200 |      1.1455ms |             ::1 | GET | /kefu/chartStatistics |"
time="2024-09-11 22:48:23" level=info msg="| 200 |      3.1579ms |             ::1 | GET | /chat_main |"
time="2024-09-11 22:48:23" level=info msg="| 200 |       181.7µs |             ::1 | GET | /visitors_kefu_online |"
time="2024-09-11 22:48:23" level=info msg="| 200 |      1.7108ms |             ::1 | GET | /ipblacks |"
time="2024-09-11 22:48:23" level=info msg="| 200 |      6.2017ms |             ::1 | GET | /kefuinfo |"
time="2024-09-11 22:48:23" level=info msg="| 200 |      7.8737ms |             ::1 | GET | /replys |"
time="2024-09-11 22:48:25" level=info msg="| 200 |      3.4638ms |             ::1 | GET | /setting |"
time="2024-09-11 22:48:25" level=info msg="| 200 |     1.551149s |             ::1 | GET | /ws_kefu?token=eyJhbGciOiJIUzI1NiIsInR5cCI6IkpXVCJ9.eyJjcmVhdGVfdGltZSI6MTcyNjA2NjAwOCwia2VmdV9pZCI6MSwibmFtZSI6ImtlZnUyIiwicm9sZV9pZCI6MSwidHlwZSI6ImtlZnUifQ.UJQ3voz8VsiulddNHWmsci2sUPqqu9wQ3lCf5FdCmPI |"
time="2024-09-11 22:48:25" level=info msg="| 200 |      2.0826ms |             ::1 | GET | /setting_statistics |"
time="2024-09-11 22:48:25" level=info msg="| 200 |      2.6368ms |             ::1 | GET | /statistics |"
time="2024-09-11 22:48:25" level=info msg="| 200 |      4.3717ms |             ::1 | GET | /chat_main |"
time="2024-09-11 22:48:26" level=info msg="| 200 |            0s |             ::1 | GET | /visitors_kefu_online |"
time="2024-09-11 22:48:26" level=info msg="| 200 |      1.0642ms |             ::1 | GET | /ipblacks |"
time="2024-09-11 22:48:26" level=info msg="| 200 |      3.1757ms |             ::1 | GET | /kefuinfo |"
time="2024-09-11 22:48:26" level=info msg="| 200 |      3.1707ms |             ::1 | GET | /replys |"
time="2024-09-11 22:48:26" level=info msg="| 200 |      8.3705ms |             ::1 | GET | /setting |"
time="2024-09-11 22:48:26" level=info msg="| 200 |    801.5627ms |             ::1 | GET | /ws_kefu?token=eyJhbGciOiJIUzI1NiIsInR5cCI6IkpXVCJ9.eyJjcmVhdGVfdGltZSI6MTcyNjA2NjAwOCwia2VmdV9pZCI6MSwibmFtZSI6ImtlZnUyIiwicm9sZV9pZCI6MSwidHlwZSI6ImtlZnUifQ.UJQ3voz8VsiulddNHWmsci2sUPqqu9wQ3lCf5FdCmPI |"
time="2024-09-11 22:48:26" level=info msg="| 200 |      3.8901ms |             ::1 | GET | /setting_statistics |"
time="2024-09-11 22:48:26" level=info msg="| 200 |       3.014ms |             ::1 | GET | /statistics |"
time="2024-09-11 22:48:41" level=info msg="| 200 |       2.421ms |             ::1 | GET | /chat_main |"
time="2024-09-11 22:48:41" level=info msg="| 200 |            0s |             ::1 | GET | /visitors_kefu_online |"
time="2024-09-11 22:48:41" level=info msg="| 200 |      2.1193ms |             ::1 | GET | /kefuinfo |"
time="2024-09-11 22:48:41" level=info msg="| 200 |      1.0635ms |             ::1 | GET | /ipblacks |"
time="2024-09-11 22:48:41" level=info msg="| 200 |       3.155ms |             ::1 | GET | /replys |"
time="2024-09-11 22:48:51" level=info msg="| 404 |            0s |             ::1 | GET | /index |"
time="2024-09-11 22:48:54" level=info msg="| 200 |      2.7375ms |             ::1 | GET | / |"
time="2024-09-11 22:48:58" level=info msg="| 200 |      3.7242ms |       127.0.0.1 | GET | /chatIndex?kefu_id=kefu2&lang=en&extra={ |"
time="2024-09-11 22:48:58" level=info msg="| 200 |     17.1148ms |       127.0.0.1 | POST | /visitor_login |"
time="2024-09-11 22:48:58" level=info msg="send_kefu_message <nil> {\"type\":\"notice\",\"data\":{\"avator\":\"/static/images/2.png\",\"content\":\"本机地址本机地址网友来了\",\"username\":\"本机地址本机地址网友\"}}"
time="2024-09-11 22:48:58" level=info msg="send_kefu_message <nil> {\"type\":\"userOnline\",\"data\":{\"avator\":\"/static/images/2.png\",\"last_message\":\"新访客\",\"uid\":\"764af72b-a355-4a6a-9e7c-2e211c586c93\",\"username\":\"本机地址本机地址网友\"}}"
time="2024-09-11 22:48:58" level=info msg="| 200 |      3.5844ms |       127.0.0.1 | GET | /2/messagesPages?page=1&pagesize=5&visitor_id=764af72b-a355-4a6a-9e7c-2e211c586c93 |"
time="2024-09-11 22:48:58" level=info msg="send_kefu_message <nil> {\"type\":\"userOnline\",\"data\":{\"avator\":\"/static/images/2.png\",\"last_message\":\"新访客\",\"uid\":\"764af72b-a355-4a6a-9e7c-2e211c586c93\",\"username\":\"本机地址本机地址网友\"}}"
time="2024-09-11 22:48:58" level=info msg="| 200 |      2.0003ms |       127.0.0.1 | GET | /notice?kefu_id=kefu2 |"
time="2024-09-11 22:49:01" level=info msg="| 200 |      3.0212ms |             ::1 | GET | /visitor?visitorId=764af72b-a355-4a6a-9e7c-2e211c586c93 |"
time="2024-09-11 22:49:01" level=info msg="| 200 |      3.6316ms |             ::1 | GET | /2/messagesPages?page=1&pagesize=15&visitor_id=764af72b-a355-4a6a-9e7c-2e211c586c93 |"
time="2024-09-11 22:49:10" level=info msg="send_kefu_message <nil> {\"type\":\"message\",\"data\":{\"name\":\"本机地址本机地址网友\",\"avator\":\"/static/images/2.png\",\"id\":\"764af72b-a355-4a6a-9e7c-2e211c586c93\",\"visitor_id\":\"\",\"group\":\"\",\"time\":\"2024-09-11 22:49:10\",\"to_id\":\"kefu2\",\"content\":\"face[NO]\",\"city\":\"\",\"client_ip\":\"\",\"refer\":\"\",\"is_kefu\":\"no\"}}"
time="2024-09-11 22:49:10" level=info msg="| 200 |      8.8213ms |       127.0.0.1 | POST | /2/message |"
time="2024-09-11 22:50:41" level=info msg="| 200 |      2.1492ms |             ::1 | GET | /visitors_kefu_online |"
time="2024-09-11 22:51:59" level=info msg="| 200 |      3.2619ms |             ::1 | GET | /setting |"
time="2024-09-11 22:51:59" level=info msg="| 200 | 3m17.3744159s |             ::1 | GET | /ws_kefu?token=eyJhbGciOiJIUzI1NiIsInR5cCI6IkpXVCJ9.eyJjcmVhdGVfdGltZSI6MTcyNjA2NjAwOCwia2VmdV9pZCI6MSwibmFtZSI6ImtlZnUyIiwicm9sZV9pZCI6MSwidHlwZSI6ImtlZnUifQ.UJQ3voz8VsiulddNHWmsci2sUPqqu9wQ3lCf5FdCmPI |"
time="2024-09-11 22:51:59" level=info msg="| 200 |      8.9393ms |             ::1 | GET | /setting_statistics |"
time="2024-09-11 22:51:59" level=info msg="| 200 |       2.176ms |             ::1 | GET | /statistics |"
time="2024-09-11 22:52:00" level=info msg="| 200 |      3.1883ms |             ::1 | GET | /chat_main |"
time="2024-09-11 22:52:00" level=info msg="| 200 |      1.8592ms |             ::1 | GET | /ipblacks |"
time="2024-09-11 22:52:00" level=info msg="| 200 |      7.2214ms |             ::1 | GET | /kefuinfo |"
time="2024-09-11 22:52:00" level=info msg="| 200 |      7.7235ms |             ::1 | GET | /visitors_kefu_online |"
time="2024-09-11 22:52:00" level=info msg="| 200 |      8.8093ms |             ::1 | GET | /replys |"
time="2024-09-11 22:52:00" level=info msg="| 200 |      2.9456ms |             ::1 | GET | /pannel |"
time="2024-09-11 22:52:01" level=info msg="| 200 |    293.7951ms |             ::1 | GET | /ws_kefu?token=eyJhbGciOiJIUzI1NiIsInR5cCI6IkpXVCJ9.eyJjcmVhdGVfdGltZSI6MTcyNjA2NjAwOCwia2VmdV9pZCI6MSwibmFtZSI6ImtlZnUyIiwicm9sZV9pZCI6MSwidHlwZSI6ImtlZnUifQ.UJQ3voz8VsiulddNHWmsci2sUPqqu9wQ3lCf5FdCmPI |"
time="2024-09-11 22:52:01" level=info msg="| 200 |      1.4643ms |             ::1 | GET | /kefu/chartStatistics |"
time="2024-09-11 22:52:01" level=info msg="| 200 |      5.6262ms |             ::1 | GET | /chat_main |"
time="2024-09-11 22:52:01" level=info msg="| 200 |      1.1178ms |             ::1 | GET | /ipblacks |"
time="2024-09-11 22:52:01" level=info msg="| 200 |      3.4653ms |             ::1 | GET | /kefuinfo |"
time="2024-09-11 22:52:01" level=info msg="| 200 |      3.7924ms |             ::1 | GET | /visitors_kefu_online |"
time="2024-09-11 22:52:01" level=info msg="| 200 |      4.8523ms |             ::1 | GET | /replys |"
time="2024-09-11 22:52:02" level=info msg="| 200 |      2.6584ms |             ::1 | GET | /setting |"
time="2024-09-11 22:52:02" level=info msg="| 200 |    311.4847ms |             ::1 | GET | /ws_kefu?token=eyJhbGciOiJIUzI1NiIsInR5cCI6IkpXVCJ9.eyJjcmVhdGVfdGltZSI6MTcyNjA2NjAwOCwia2VmdV9pZCI6MSwibmFtZSI6ImtlZnUyIiwicm9sZV9pZCI6MSwidHlwZSI6ImtlZnUifQ.UJQ3voz8VsiulddNHWmsci2sUPqqu9wQ3lCf5FdCmPI |"
time="2024-09-11 22:52:02" level=info msg="| 200 |      2.6476ms |             ::1 | GET | /setting_statistics |"
time="2024-09-11 22:52:02" level=info msg="| 200 |      2.7942ms |             ::1 | GET | /statistics |"
time="2024-09-11 22:52:02" level=info msg="| 200 |      2.1038ms |             ::1 | GET | /pannel |"
time="2024-09-11 22:52:02" level=info msg="| 200 |       1.235ms |             ::1 | GET | /kefu/chartStatistics |"
time="2024-09-11 22:52:11" level=info msg="| 200 |      3.9276ms |             ::1 | GET | /chat_main |"
time="2024-09-11 22:52:11" level=info msg="| 200 |       528.8µs |             ::1 | GET | /ipblacks |"
time="2024-09-11 22:52:11" level=info msg="| 200 |      4.8164ms |             ::1 | GET | /kefuinfo |"
time="2024-09-11 22:52:11" level=info msg="| 200 |      4.7918ms |             ::1 | GET | /replys |"
time="2024-09-11 22:52:11" level=info msg="| 200 |      6.8732ms |             ::1 | GET | /visitors_kefu_online |"
time="2024-09-11 22:52:12" level=info msg="| 200 |      6.8332ms |             ::1 | GET | /setting |"
time="2024-09-11 22:52:12" level=info msg="| 200 |    1.0103898s |             ::1 | GET | /ws_kefu?token=eyJhbGciOiJIUzI1NiIsInR5cCI6IkpXVCJ9.eyJjcmVhdGVfdGltZSI6MTcyNjA2NjAwOCwia2VmdV9pZCI6MSwibmFtZSI6ImtlZnUyIiwicm9sZV9pZCI6MSwidHlwZSI6ImtlZnUifQ.UJQ3voz8VsiulddNHWmsci2sUPqqu9wQ3lCf5FdCmPI |"
time="2024-09-11 22:52:13" level=info msg="| 200 |      3.5863ms |             ::1 | GET | /setting_statistics |"
time="2024-09-11 22:52:13" level=info msg="| 200 |      1.0004ms |             ::1 | GET | /statistics |"
time="2024-09-11 22:52:14" level=info msg="| 200 |      3.7486ms |             ::1 | GET | /setting_modifypass |"
time="2024-09-11 22:52:35" level=info msg="| 200 |      3.7758ms |             ::1 | GET | /pannel |"
time="2024-09-11 22:52:35" level=info msg="| 200 |      1.9985ms |             ::1 | GET | /kefu/chartStatistics |"
time="2024-09-11 22:52:36" level=info msg="| 200 |      3.1156ms |             ::1 | GET | /chat_main |"
time="2024-09-11 22:52:36" level=info msg="| 200 |      1.0732ms |             ::1 | GET | /ipblacks |"
time="2024-09-11 22:52:36" level=info msg="| 200 |      4.3123ms |             ::1 | GET | /kefuinfo |"
time="2024-09-11 22:52:36" level=info msg="| 200 |       4.307ms |             ::1 | GET | /visitors_kefu_online |"
time="2024-09-11 22:52:36" level=info msg="| 200 |      4.8395ms |             ::1 | GET | /replys |"
time="2024-09-11 22:52:58" level=info msg="| 200 |      2.8962ms |             ::1 | GET | /pannel |"
time="2024-09-11 22:52:58" level=info msg="| 200 |   21.4674377s |             ::1 | GET | /ws_kefu?token=eyJhbGciOiJIUzI1NiIsInR5cCI6IkpXVCJ9.eyJjcmVhdGVfdGltZSI6MTcyNjA2NjAwOCwia2VmdV9pZCI6MSwibmFtZSI6ImtlZnUyIiwicm9sZV9pZCI6MSwidHlwZSI6ImtlZnUifQ.UJQ3voz8VsiulddNHWmsci2sUPqqu9wQ3lCf5FdCmPI |"
time="2024-09-11 22:52:58" level=info msg="| 200 |      1.0951ms |             ::1 | GET | /kefu/chartStatistics |"
time="2024-09-11 22:52:59" level=info msg="| 200 |      3.3738ms |             ::1 | GET | /chat_main |"
time="2024-09-11 22:52:59" level=info msg="| 200 |      1.6211ms |             ::1 | GET | /ipblacks |"
time="2024-09-11 22:52:59" level=info msg="| 200 |      2.6912ms |             ::1 | GET | /visitors_kefu_online |"
time="2024-09-11 22:52:59" level=info msg="| 200 |      4.8234ms |             ::1 | GET | /kefuinfo |"
time="2024-09-11 22:52:59" level=info msg="| 200 |      4.8173ms |             ::1 | GET | /replys |"
time="2024-09-11 22:53:46" level=info msg="| 200 |      1.8052ms |             ::1 | GET | /visitor?visitorId=764af72b-a355-4a6a-9e7c-2e211c586c93 |"
time="2024-09-11 22:53:46" level=info msg="| 200 |      5.3617ms |             ::1 | GET | /2/messagesPages?page=1&pagesize=15&visitor_id=764af72b-a355-4a6a-9e7c-2e211c586c93 |"
time="2024-09-11 22:53:47" level=info msg="| 200 |      3.2433ms |             ::1 | GET | /visitors?page=1 |"
time="2024-09-11 22:53:47" level=info msg="| 200 |      2.9943ms |             ::1 | GET | /visitors_kefu_online |"
time="2024-09-11 22:54:59" level=info msg="| 200 |      7.3347ms |             ::1 | GET | /visitors_kefu_online |"
